// Jest Snapshot v1, https://goo.gl/fbAQLP

exports[`RadioList render should render RadioList element 1`] = `<div class="input radio-list form-group"><span class="input-label" style="display: none;"></span> <span class="input-block"><label for="2-1" class="option"><input id="2-1" name="" type="radio" value="1"> <span class="radio-control"><span class="radio-border"></span> <span class="radio-checked"></span></span> <span>first element</span></label><label for="2-2" class="option"><input id="2-2" name="" type="radio" value="2"> <span class="radio-control"><span class="radio-border"></span> <span class="radio-checked"></span></span> <span>second element</span></label></span></div>`;

exports[`RadioList with horizontal property Orientation property should work 1`] = `<div class="input radio-list form-group horizontal"><span class="input-label" style="display: none;"></span> <span class="input-block"><label for="4-1" class="option"><input id="4-1" name="" type="radio" value="1"> <span class="radio-control"><span class="radio-border"></span> <span class="radio-checked"></span></span> <span>user.admin</span></label><label for="4-2" class="option"><input id="4-2" name="" type="radio" value="2"> <span class="radio-control"><span class="radio-border"></span> <span class="radio-checked"></span></span> <span>user.user</span></label></span></div>`;

exports[`RadioList with initValue property initValue property should work 1`] = `<div class="input radio-list form-group"><span class="input-label" style="display: none;"></span> <span class="input-block"><label for="6-1" class="option"><input id="6-1" name="" type="radio" value="1"> <span class="radio-control"><span class="radio-border"></span> <span class="radio-checked"></span></span> <span>user.admin</span></label><label for="6-2" class="option"><input id="6-2" name="" type="radio" value="2"> <span class="radio-control"><span class="radio-border"></span> <span class="radio-checked"></span></span> <span>user.user</span></label></span></div>`;
